
> voterpulse-ai@0.1.0 test
> vitest run --run


[1m[30m[46m RUN [49m[39m[22m [36mv4.1.5 [39m[90mD:/Bhvya Vaish Documents/Proffesional/Projects/Voter Pulse AI[39m

 [32mΓ£ô[39m src/lib/roadmaps.test.ts [2m([22m[2m5 tests[22m[2m)[22m[32m 18[2mms[22m[39m
 [32mΓ£ô[39m src/lib/chatEngine.test.ts [2m([22m[2m11 tests[22m[2m)[22m[32m 89[2mms[22m[39m
[90mstdout[2m | src/lib/eligibility.test.ts[2m > [22m[2mcheckEligibility[2m > [22m[2mshould identify eligible adult citizens
[22m[39mDEBUG Eligibility: {
  dob: [32m'1999-01-01'[39m,
  ageNow: [33m27[39m,
  ageAtPrev: [33m27[39m,
  ageAtNext: [33m27[39m,
  nextQD: [32m'2026-07-01'[39m,
  prevQD: [32m'2026-04-01'[39m
}

[90mstdout[2m | src/lib/eligibility.test.ts[2m > [22m[2mcheckEligibility[2m > [22m[2mshould identify eligible NRI adult citizens
[22m[39mDEBUG Eligibility: {
  dob: [32m'1990-05-15'[39m,
  ageNow: [33m35[39m,
  ageAtPrev: [33m35[39m,
  ageAtNext: [33m36[39m,
  nextQD: [32m'2026-07-01'[39m,
  prevQD: [32m'2026-04-01'[39m
}

[90mstdout[2m | src/lib/eligibility.test.ts[2m > [22m[2mcheckEligibility[2m > [22m[2mshould identify ineligible non-citizens
[22m[39mDEBUG Eligibility: {
  dob: [32m'1990-01-01'[39m,
  ageNow: [33m36[39m,
  ageAtPrev: [33m36[39m,
  ageAtNext: [33m36[39m,
  nextQD: [32m'2026-07-01'[39m,
  prevQD: [32m'2026-04-01'[39m
}

[90mstdout[2m | src/lib/eligibility.test.ts[2m > [22m[2mcheckEligibility[2m > [22m[2mshould handle advance application for those turning 18 soon
[22m[39mDEBUG Eligibility: {
  dob: [32m'2008-07-01'[39m,
  ageNow: [33m17[39m,
  ageAtPrev: [33m17[39m,
  ageAtNext: [33m17[39m,
  nextQD: [32m'2026-07-01'[39m,
  prevQD: [32m'2026-04-01'[39m
}

[90mstdout[2m | src/lib/eligibility.test.ts[2m > [22m[2mcheckEligibility[2m > [22m[2mshould identify minors who are too young for advance application
[22m[39mDEBUG Eligibility: {
  dob: [32m'2019-01-01'[39m,
  ageNow: [33m7[39m,
  ageAtPrev: [33m7[39m,
  ageAtNext: [33m7[39m,
  nextQD: [32m'2026-07-01'[39m,
  prevQD: [32m'2026-04-01'[39m
}

 [31mΓ¥»[39m src/lib/eligibility.test.ts [2m([22m[2m5 tests[22m[2m | [22m[31m1 failed[39m[2m)[22m[32m 49[2mms[22m[39m
     [32mΓ£ô[39m should identify eligible adult citizens[32m 12[2mms[22m[39m
     [32mΓ£ô[39m should identify eligible NRI adult citizens[32m 1[2mms[22m[39m
     [32mΓ£ô[39m should identify ineligible non-citizens[32m 2[2mms[22m[39m
[31m     [31m├ù[31m should handle advance application for those turning 18 soon[39m[32m 27[2mms[22m[39m
     [32mΓ£ô[39m should identify minors who are too young for advance application[32m 2[2mms[22m[39m
node.exe : 
At line:1 char:1
+ & "C:\Program Files\nodejs/node.exe" "C:\Program Files\nodejs/node_mo ...
+ ~~~~~~~~~~~~~~~~~~~~~~~~~~~~~~~~~~~~~~~~~~~~~~~~~~~~~~~~~~~~~~~~~~~~~
    + CategoryInfo          : NotSpecified: (:String) [], RemoteException
    + FullyQualifiedErrorId : NativeCommandError
 
[31mΓÄ»ΓÄ»ΓÄ»ΓÄ»ΓÄ»ΓÄ»ΓÄ»[39m[1m[41m Failed Tests 1 [49m[22m[31mΓÄ»ΓÄ»ΓÄ»ΓÄ»ΓÄ»ΓÄ»ΓÄ»[39m

[41m[1m FAIL [22m[49m src/lib/eligibility.test.ts[2m > [22mcheckEligibility[2m > [22mshould handle advance 
application for those turning 18 soon
[31m[1mAssertionError[22m: expected false to be true // Object.is equality[39m

[32m- Expected[39m
[31m+ Received[39m

[32m- true[39m
[31m+ false[39m

[36m [2mΓ¥»[22m src/lib/eligibility.test.ts:[2m37:36[22m[39m
    [90m 35|[39m
    [90m 36|[39m     [35mconst[39m result [33m=[39m [34mcheckEligibility[39m(dobStr[33m,[39m 
[35mtrue[39m[33m,[39m [35mfalse[39m)
    [90m 37|[39m     [34mexpect[39m(result[33m.[39madvanceEligible)[33m.[39m[34mtoBe[39m([35mtrue[39m)
    [90m   |[39m                                    [31m^[39m
    [90m 38|[39m     [34mexpect[39m(result[33m.[39mmessage)[33m.[39m[34mtoContain[39m([32m'advance 
application'[39m)
    [90m 39|[39m   })

[31m[2mΓÄ»ΓÄ»ΓÄ»ΓÄ»ΓÄ»ΓÄ»ΓÄ»ΓÄ»ΓÄ»ΓÄ»ΓÄ»ΓÄ»ΓÄ»ΓÄ»ΓÄ»ΓÄ»ΓÄ»ΓÄ»ΓÄ»ΓÄ»ΓÄ»ΓÄ»ΓÄ»ΓÄ»[1/1]ΓÄ»[22m[39m


[2m Test Files [22m [1m[31m1 failed[39m[22m[2m | [22m[1m[32m2 passed[39m[22m[90m (3)[39m
[2m      Tests [22m [1m[31m1 failed[39m[22m[2m | [22m[1m[32m20 passed[39m[22m[90m (21)[39m
[2m   Start at [22m 00:21:40
[2m   Duration [22m 18.00s[2m (transform 2.77s, setup 4.75s, import 6.27s, tests 156ms, environment 27.34s)[22m

